
> rodeo-restaurant-frontend@1.0.0 build
> vite build

[36mvite v7.3.1 [32mbuilding client environment for production...[36m[39m
transforming...
node.exe : Browserslist: 
browsers data 
(caniuse-lite) is 18 
months old. Please run:
At line:1 char:1
+ & "C:\Program 
Files\nodejs/node.exe" 
"C:\Program 
Files\nodejs/node_mo ...
+ ~~~~~~~~~~~~~~~~~~~~~~~~
~~~~~~~~~~~~~~~~~~~~~~~~~~
~~~~~~~~~~~~~~~~~~~
    + CategoryInfo        
      : NotSpecified: (B  
  rowserslist: b...ld.    
 Please run::String) [    
], RemoteException
    + FullyQualifiedError 
   Id : NativeCommandErr  
  or
 
  npx update-browserslist-
db@latest
  Why you should do it 
regularly: https://github.
com/browserslist/update-db
#readme
[32mÔ£ô[39m 2038 modules transformed.
[31mÔ£ù[39m Build 
failed in 7.22s
[31merror during build:
[31msrc/pages/Categories.
jsx (9:30): "Bowl" is not 
exported by "node_modules/
lucide-react/dist/esm/luci
de-react.js", imported by 
"src/pages/Categories.jsx"
.[31m
file: [36mC:/Users/hp/Des
ktop/rodeo-menu/src/pages/
Categories.jsx:9:30[31m
[33m
 7:   Plus,
 8:   ChevronDown,
 9:   Flame, Martini, 
Star, Leaf, Bowl, 
UtensilsCrossed, 
                          
        ^
10:   Beef, Drumstick, 
Fish, Sandwich, Pizza as 
PizzaIcon, 
11:   CookingPot, 
IceCream, Coffee, Apple, 
CupSoda, Beer as 
BeerIcon, 
[31m
    at getRollupError (fil
e:///C:/Users/hp/Desktop/r
odeo-menu/node_modules/rol
lup/dist/es/shared/parseAs
t.js:402:41)
    at error (file:///C:/U
sers/hp/Desktop/rodeo-menu
/node_modules/rollup/dist/
es/shared/parseAst.js:398:
42)
    at Module.error (file:
///C:/Users/hp/Desktop/rod
eo-menu/node_modules/rollu
p/dist/es/shared/node-entr
y.js:17040:16)
    at 
Module.traceVariable (file
:///C:/Users/hp/Desktop/ro
deo-menu/node_modules/roll
up/dist/es/shared/node-ent
ry.js:17452:29)
    at 
ModuleScope.findVariable (
file:///C:/Users/hp/Deskto
p/rodeo-menu/node_modules/
rollup/dist/es/shared/node
-entry.js:15070:39)
    at Identifier.bind (fi
le:///C:/Users/hp/Desktop/
rodeo-menu/node_modules/ro
llup/dist/es/shared/node-e
ntry.js:5447:40)
    at Property.bind (file
:///C:/Users/hp/Desktop/ro
deo-menu/node_modules/roll
up/dist/es/shared/node-ent
ry.js:2829:23)
    at 
ObjectExpression.bind (fil
e:///C:/Users/hp/Desktop/r
odeo-menu/node_modules/rol
lup/dist/es/shared/node-en
try.js:2825:28)
    at 
VariableDeclarator.bind (f
ile:///C:/Users/hp/Desktop
/rodeo-menu/node_modules/r
ollup/dist/es/shared/node-
entry.js:2829:23)
    at 
VariableDeclaration.bind (
file:///C:/Users/hp/Deskto
p/rodeo-menu/node_modules/
rollup/dist/es/shared/node
-entry.js:2825:28)[39m
